
> brasstax@0.1.0 test
> react-scripts test --watchAll=false src/taxFunctions.test.js --watchAll=false

node.exe : FAIL src/taxFunctions.test.js
At line:1 char:1
+ & "C:\Program Files\nodejs/node.exe" "C:\Program Files\nodejs/node_mo ...
+ ~~~~~~~~~~~~~~~~~~~~~~~~~~~~~~~~~~~~~~~~~~~~~~~~~~~~~~~~~~~~~~~~~~~~~
    + CategoryInfo          : NotSpecified: (FAIL src/taxFunctions.test.js:String) [], RemoteException
    + FullyQualifiedErrorId : NativeCommandError
 
  Tax Functions - Comprehensive Tests
    calculateTax
      ├ù should calculate federal tax for a single filer with only ordinary income and standard deduction (3 ms)
      ├ù should calculate federal tax for married filing jointly with ordinary income and itemized deduction
      ├ù should handle tax credits correctly
      ΓêÜ should not result in negative tax
      ├ù should correctly calculate tax with short-term capital gains (1 ms)
      ├ù should correctly calculate tax with long-term capital gains (federal) (1 ms)
      ├ù should correctly calculate tax for California (LTCG as ordinary)
    adjustIncomes
      ├ù should apply standard deduction and keep incomes positive (1 ms)
      ΓêÜ should apply itemized deduction and keep incomes positive
      ├ù should reduce short-term capital gains if ordinary income goes negative after deduction
      ├ù should reduce long-term capital gains if short-term capital gains go negative after deduction (1 ms)
      ΓêÜ should handle negative longTermCapitalGains by reducing shortTermCapitalGains
      ├ù should handle negative shortTermCapitalGains by reducing ordinaryIncome (up to 3000) (1 ms)
    calculateDeduction
      ΓêÜ should return standard deduction for federal single filer
      ΓêÜ should return standard deduction for California married filing jointly
      ΓêÜ should return itemized deduction when selected (1 ms)
      ΓêÜ should return 0 if itemized deduction is 0
    calculateIncomeTax
      ΓêÜ should calculate federal income tax for single filer in lowest bracket
      ├ù should calculate federal income tax for single filer spanning multiple brackets (1 ms)
      ├ù should calculate federal income tax for married filing jointly in highest bracket
      ├ù should include long-term capital gains for California income tax (1 ms)
      ΓêÜ should return 0 for zero applicable income
    calculateLongTermCapitalGainsTax
      ├ù should calculate federal long-term capital gains tax for single filer
      ├ù should calculate federal long-term capital gains tax spanning multiple brackets
      ΓêÜ should return 0 for jurisdictions that treat LTCG as ordinary income
      ΓêÜ should return 0 if no long-term capital gains (1 ms)
    calculateSocialSecurityTax
      ΓêÜ should calculate social security tax below the cap
      ΓêÜ should cap social security tax at 147000
      ΓêÜ should return 0 for zero income
    calculateMedicareTax
      ΓêÜ should calculate medicare tax below additional tax threshold (1 ms)
      ΓêÜ should calculate medicare tax with additional tax for single filer
      ΓêÜ should calculate medicare tax with additional tax for married filing jointly
      ΓêÜ should return 0 for zero income
    calculateAdditionalMedicareTax
      ΓêÜ should calculate additional medicare tax for single filer above threshold
      ΓêÜ should return 0 for single filer below threshold (1 ms)
      ΓêÜ should calculate additional medicare tax for married filing jointly above threshold
      ΓêÜ should return 0 for married filing jointly below threshold
    calculateNetInvestmentIncomeTax
      ΓêÜ should calculate net investment income tax for single filer
      ΓêÜ should calculate net investment income tax for married filing jointly
      ΓêÜ should return 0 if income + capital gains is below threshold (1 ms)
      ΓêÜ should return 0 if capital gains are 0

  ΓùÅ Tax Functions - Comprehensive Tests ΓÇ║ calculateTax ΓÇ║ should calculate federal tax for a single filer with only 
ordinary income and standard deduction

    expect(received).toBeCloseTo(expected)

    Expected: 4016
    Received: 3871.5

    Expected precision:    2
    Expected difference: < 0.005
    Received difference:   144.5

    [0m [90m 37 |[39m       [90m// (35400 - 11600) * 0.12 = 23800 * 0.12 = 2856[39m
     [90m 38 |[39m       [90m// Total = 1160 + 2856 = 4016[39m
    [31m[1m>[22m[39m[90m 39 |[39m       expect(result[[32m"Federal Income 
Tax"[39m])[33m.[39mtoBeCloseTo([35m4016[39m)[33m;[39m
     [90m    |[39m                                            [31m[1m^[22m[39m
     [90m 40 |[39m     })[33m;[39m
     [90m 41 |[39m
     [90m 42 |[39m     test([32m"should calculate federal tax for married filing jointly with ordinary income and 
itemized deduction"[39m[33m,[39m () [33m=>[39m {[0m

      at Object.<anonymous> (src/taxFunctions.test.js:39:44)
      at TestScheduler.scheduleTests (node_modules/@jest/core/build/TestScheduler.js:333:13)
      at runJest (node_modules/@jest/core/build/runJest.js:404:19)
      at _run10000 (node_modules/@jest/core/build/cli/index.js:320:7)
      at runCLI (node_modules/@jest/core/build/cli/index.js:173:3)

  ΓùÅ Tax Functions - Comprehensive Tests ΓÇ║ calculateTax ΓÇ║ should calculate federal tax for married filing jointly 
with ordinary income and itemized deduction

    expect(received).toBeCloseTo(expected)

    Expected: 16506
    Received: 16228

    Expected precision:    2
    Expected difference: < 0.005
    Received difference:   278

    [0m [90m 57 |[39m       [90m// (120000 - 94300) * 0.22 = 25700 * 0.22 = 5654[39m
     [90m 58 |[39m       [90m// Total = 2320 + 8532 + 5654 = 16506[39m
    [31m[1m>[22m[39m[90m 59 |[39m       expect(result[[32m"Federal Income 
Tax"[39m])[33m.[39mtoBeCloseTo([35m16506[39m)[33m;[39m
     [90m    |[39m                                            [31m[1m^[22m[39m
     [90m 60 |[39m     })[33m;[39m
     [90m 61 |[39m
     [90m 62 |[39m     test([32m"should handle tax credits correctly"[39m[33m,[39m () [33m=>[39m {[0m

      at Object.<anonymous> (src/taxFunctions.test.js:59:44)
      at TestScheduler.scheduleTests (node_modules/@jest/core/build/TestScheduler.js:333:13)
      at runJest (node_modules/@jest/core/build/runJest.js:404:19)
      at _run10000 (node_modules/@jest/core/build/cli/index.js:320:7)
      at runCLI (node_modules/@jest/core/build/cli/index.js:173:3)

  ΓùÅ Tax Functions - Comprehensive Tests ΓÇ║ calculateTax ΓÇ║ should handle tax credits correctly

    expect(received).toBeCloseTo(expected)

    Expected: 6841
    Received: 6696.5

    Expected precision:    2
    Expected difference: < 0.005
    Received difference:   144.5

    [0m [90m 74 |[39m       [90m// Base income tax 4016 + SS 3100 + Medicare 725 = 7841[39m
     [90m 75 |[39m       [90m// 7841 - 1000 credits = 6841[39m
    [31m[1m>[22m[39m[90m 76 |[39m       expect(result[[32m"Total 
Tax"[39m])[33m.[39mtoBeCloseTo([35m6841[39m)[33m;[39m
     [90m    |[39m                                   [31m[1m^[22m[39m
     [90m 77 |[39m     })[33m;[39m
     [90m 78 |[39m
     [90m 79 |[39m     test([32m"should not result in negative tax"[39m[33m,[39m () [33m=>[39m {[0m

      at Object.<anonymous> (src/taxFunctions.test.js:76:35)
      at TestScheduler.scheduleTests (node_modules/@jest/core/build/TestScheduler.js:333:13)
      at runJest (node_modules/@jest/core/build/runJest.js:404:19)
      at _run10000 (node_modules/@jest/core/build/cli/index.js:320:7)
      at runCLI (node_modules/@jest/core/build/cli/index.js:173:3)

  ΓùÅ Tax Functions - Comprehensive Tests ΓÇ║ calculateTax ΓÇ║ should correctly calculate tax with short-term capital 
gains

    expect(received).toBeCloseTo(expected)

    Expected: 3416
    Received: 3271.5

    Expected precision:    2
    Expected difference: < 0.005
    Received difference:   144.5

    [0m [90m 106 |[39m       [90m// (30400 - 11600) * 0.12 = 18800 * 0.12 = 2256[39m
     [90m 107 |[39m       [90m// Total = 1160 + 2256 = 3416[39m
    [31m[1m>[22m[39m[90m 108 |[39m       expect(result[[32m"Federal Income 
Tax"[39m])[33m.[39mtoBeCloseTo([35m3416[39m)[33m;[39m
     [90m     |[39m                                            [31m[1m^[22m[39m
     [90m 109 |[39m     })[33m;[39m
     [90m 110 |[39m
     [90m 111 |[39m     test([32m"should correctly calculate tax with long-term capital gains 
(federal)"[39m[33m,[39m () [33m=>[39m {[0m

      at Object.<anonymous> (src/taxFunctions.test.js:108:44)
      at TestScheduler.scheduleTests (node_modules/@jest/core/build/TestScheduler.js:333:13)
      at runJest (node_modules/@jest/core/build/runJest.js:404:19)
      at _run10000 (node_modules/@jest/core/build/cli/index.js:320:7)
      at runCLI (node_modules/@jest/core/build/cli/index.js:173:3)

  ΓùÅ Tax Functions - Comprehensive Tests ΓÇ║ calculateTax ΓÇ║ should correctly calculate tax with long-term capital 
gains (federal)

    expect(received).toBeCloseTo(expected)

    Expected: 4016
    Received: 3871.5

    Expected precision:    2
    Expected difference: < 0.005
    Received difference:   144.5

    [0m [90m 125 |[39m       [90m// LTCG tax: (45400 - 41675) * 0.15 = 3725 * 0.15 = 558.75[39m
     [90m 126 |[39m       [90m// Total = 4016 + 558.75 = 4574.75[39m
    [31m[1m>[22m[39m[90m 127 |[39m       expect(result[[32m"Federal Income 
Tax"[39m])[33m.[39mtoBeCloseTo([35m4016[39m)[33m;[39m
     [90m     |[39m                                            [31m[1m^[22m[39m
     [90m 128 |[39m       expect(result[[32m"LTCG Tax"[39m])[33m.[39mtoBeCloseTo([35m558.75[39m)[33m;[39m
     [90m 129 |[39m     })[33m;[39m
     [90m 130 |[39m[0m

      at Object.<anonymous> (src/taxFunctions.test.js:127:44)
      at TestScheduler.scheduleTests (node_modules/@jest/core/build/TestScheduler.js:333:13)
      at runJest (node_modules/@jest/core/build/runJest.js:404:19)
      at _run10000 (node_modules/@jest/core/build/cli/index.js:320:7)
      at runCLI (node_modules/@jest/core/build/cli/index.js:173:3)

  ΓùÅ Tax Functions - Comprehensive Tests ΓÇ║ calculateTax ΓÇ║ should correctly calculate tax for California (LTCG as 
ordinary)

    expect(received).toBeCloseTo(expected)

    Expected: 1845.11
    Received: 1792.53

    Expected precision:    2
    Expected difference: < 0.005
    Received difference:   52.57999999999993

    [0m [90m 149 |[39m       [90m// (54460 - 40246) * 0.06 = 14214 * 0.06 = 852.84[39m
     [90m 150 |[39m       [90m// Total = 107.57 + 294.86 + 589.84 + 852.84 = 1845.11[39m
    [31m[1m>[22m[39m[90m 151 |[39m       expect(result[[32m"Total 
Tax"[39m])[33m.[39mtoBeCloseTo([35m1845.11[39m)[33m;[39m
     [90m     |[39m                                   [31m[1m^[22m[39m
     [90m 152 |[39m     })[33m;[39m
     [90m 153 |[39m   })[33m;[39m
     [90m 154 |[39m[0m

      at Object.<anonymous> (src/taxFunctions.test.js:151:35)
      at TestScheduler.scheduleTests (node_modules/@jest/core/build/TestScheduler.js:333:13)
      at runJest (node_modules/@jest/core/build/runJest.js:404:19)
      at _run10000 (node_modules/@jest/core/build/cli/index.js:320:7)
      at runCLI (node_modules/@jest/core/build/cli/index.js:173:3)

  ΓùÅ Tax Functions - Comprehensive Tests ΓÇ║ adjustIncomes ΓÇ║ should apply standard deduction and keep incomes positive

    expect(received).toBe(expected) // Object.is equality

    Expected: 5400
    Received: 4250

    [0m [90m 167 |[39m       [90m// Standard deduction for single federal is 14600[39m
     [90m 168 |[39m       [90m// ordinaryIncome: 20000 - 14600 = 5400[39m
    [31m[1m>[22m[39m[90m 169 |[39m       expect(ordinary)[33m.[39mtoBe([35m5400[39m)[33m;[39m
     [90m     |[39m                        [31m[1m^[22m[39m
     [90m 170 |[39m       expect(short)[33m.[39mtoBe([35m5000[39m)[33m;[39m
     [90m 171 |[39m       expect(long)[33m.[39mtoBe([35m2000[39m)[33m;[39m
     [90m 172 |[39m     })[33m;[39m[0m

      at Object.<anonymous> (src/taxFunctions.test.js:169:24)
      at TestScheduler.scheduleTests (node_modules/@jest/core/build/TestScheduler.js:333:13)
      at runJest (node_modules/@jest/core/build/runJest.js:404:19)
      at _run10000 (node_modules/@jest/core/build/cli/index.js:320:7)
      at runCLI (node_modules/@jest/core/build/cli/index.js:173:3)

  ΓùÅ Tax Functions - Comprehensive Tests ΓÇ║ adjustIncomes ΓÇ║ should reduce short-term capital gains if ordinary income 
goes negative after deduction

    expect(received).toBe(expected) // Object.is equality

    Expected: 400
    Received: 0

    [0m [90m 201 |[39m       [90m// shortTermCapitalGains: 5000 + (-4600) = 400[39m
     [90m 202 |[39m       expect(ordinary)[33m.[39mtoBe([35m0[39m)[33m;[39m
    [31m[1m>[22m[39m[90m 203 |[39m       expect(short)[33m.[39mtoBe([35m400[39m)[33m;[39m
     [90m     |[39m                     [31m[1m^[22m[39m
     [90m 204 |[39m       expect(long)[33m.[39mtoBe([35m2000[39m)[33m;[39m
     [90m 205 |[39m     })[33m;[39m
     [90m 206 |[39m[0m

      at Object.<anonymous> (src/taxFunctions.test.js:203:21)
      at TestScheduler.scheduleTests (node_modules/@jest/core/build/TestScheduler.js:333:13)
      at runJest (node_modules/@jest/core/build/runJest.js:404:19)
      at _run10000 (node_modules/@jest/core/build/cli/index.js:320:7)
      at runCLI (node_modules/@jest/core/build/cli/index.js:173:3)

  ΓùÅ Tax Functions - Comprehensive Tests ΓÇ║ adjustIncomes ΓÇ║ should reduce long-term capital gains if short-term 
capital gains go negative after deduction

    expect(received).toBe(expected) // Object.is equality

    Expected: 1400
    Received: 250

    [0m [90m 220 |[39m       expect(ordinary)[33m.[39mtoBe([35m0[39m)[33m;[39m
     [90m 221 |[39m       expect(short)[33m.[39mtoBe([35m0[39m)[33m;[39m
    [31m[1m>[22m[39m[90m 222 |[39m       expect(long)[33m.[39mtoBe([35m1400[39m)[33m;[39m
     [90m     |[39m                    [31m[1m^[22m[39m
     [90m 223 |[39m     })[33m;[39m
     [90m 224 |[39m
     [90m 225 |[39m     test([32m"should handle negative longTermCapitalGains by reducing 
shortTermCapitalGains"[39m[33m,[39m () [33m=>[39m {[0m

      at Object.<anonymous> (src/taxFunctions.test.js:222:20)
      at TestScheduler.scheduleTests (node_modules/@jest/core/build/TestScheduler.js:333:13)
      at runJest (node_modules/@jest/core/build/runJest.js:404:19)
      at _run10000 (node_modules/@jest/core/build/cli/index.js:320:7)
      at runCLI (node_modules/@jest/core/build/cli/index.js:173:3)

  ΓùÅ Tax Functions - Comprehensive Tests ΓÇ║ adjustIncomes ΓÇ║ should handle negative shortTermCapitalGains by reducing 
ordinaryIncome (up to 3000)

    expect(received).toBe(expected) // Object.is equality

    Expected: 32400
    Received: 31250

    [0m [90m 253 |[39m       [90m// shortTermCapitalGains becomes 0, ordinaryIncome reduces by 3000 (max loss)[39m
     [90m 254 |[39m       [90m// ordinaryIncome: 50000 - 3000 - 14600 = 32400[39m
    [31m[1m>[22m[39m[90m 255 |[39m       expect(ordinary)[33m.[39mtoBe([35m32400[39m)[33m;[39m
     [90m     |[39m                        [31m[1m^[22m[39m
     [90m 256 |[39m       expect(short)[33m.[39mtoBe([35m0[39m)[33m;[39m
     [90m 257 |[39m       expect(long)[33m.[39mtoBe([35m1000[39m)[33m;[39m
     [90m 258 |[39m     })[33m;[39m[0m

      at Object.<anonymous> (src/taxFunctions.test.js:255:24)
      at TestScheduler.scheduleTests (node_modules/@jest/core/build/TestScheduler.js:333:13)
      at runJest (node_modules/@jest/core/build/runJest.js:404:19)
      at _run10000 (node_modules/@jest/core/build/cli/index.js:320:7)
      at runCLI (node_modules/@jest/core/build/cli/index.js:173:3)

  ΓùÅ Tax Functions - Comprehensive Tests ΓÇ║ calculateIncomeTax ΓÇ║ should calculate federal income tax for single filer 
spanning multiple brackets

    expect(received).toBeCloseTo(expected)

    Expected: 4568
    Received: 4561.5

    Expected precision:    2
    Expected difference: < 0.005
    Received difference:   6.5

    [0m [90m 332 |[39m       [90m// (40000 - 11600) * 0.12 = 28400 * 0.12 = 3408[39m
     [90m 333 |[39m       [90m// Total = 1160 + 3408 = 4568[39m
    [31m[1m>[22m[39m[90m 334 |[39m       expect(tax)[33m.[39mtoBeCloseTo([35m4568[39m)[33m;[39m
     [90m     |[39m                   [31m[1m^[22m[39m
     [90m 335 |[39m     })[33m;[39m
     [90m 336 |[39m
     [90m 337 |[39m     test([32m"should calculate federal income tax for married filing jointly in highest 
bracket"[39m[33m,[39m () [33m=>[39m {[0m

      at Object.<anonymous> (src/taxFunctions.test.js:334:19)
      at TestScheduler.scheduleTests (node_modules/@jest/core/build/TestScheduler.js:333:13)
      at runJest (node_modules/@jest/core/build/runJest.js:404:19)
      at _run10000 (node_modules/@jest/core/build/cli/index.js:320:7)
      at runCLI (node_modules/@jest/core/build/cli/index.js:173:3)

  ΓùÅ Tax Functions - Comprehensive Tests ΓÇ║ calculateIncomeTax ΓÇ║ should calculate federal income tax for married 
filing jointly in highest bracket

    expect(received).toBeCloseTo(expected)

    Expected: 185749.5
    Received: 184094.5

    Expected precision:    2
    Expected difference: < 0.005
    Received difference:   1655

    [0m [90m 350 |[39m       [90m// (700000 - 487450) * 0.35 = 212550 * 0.35 = 74392.5[39m
     [90m 351 |[39m       [90m// Total = 2320 + 8532 + 23485 + 43884 + 33136 + 74392.5 = 185749.5[39m
    [31m[1m>[22m[39m[90m 352 |[39m       expect(tax)[33m.[39mtoBeCloseTo([35m185749.5[39m)[33m;[39m
     [90m     |[39m                   [31m[1m^[22m[39m
     [90m 353 |[39m     })[33m;[39m
     [90m 354 |[39m
     [90m 355 |[39m     test([32m"should include long-term capital gains for California income tax"[39m[33m,[39m () 
[33m=>[39m {[0m

      at Object.<anonymous> (src/taxFunctions.test.js:352:19)
      at TestScheduler.scheduleTests (node_modules/@jest/core/build/TestScheduler.js:333:13)
      at runJest (node_modules/@jest/core/build/runJest.js:404:19)
      at _run10000 (node_modules/@jest/core/build/cli/index.js:320:7)
      at runCLI (node_modules/@jest/core/build/cli/index.js:173:3)

  ΓùÅ Tax Functions - Comprehensive Tests ΓÇ║ calculateIncomeTax ΓÇ║ should include long-term capital gains for 
California income tax

    expect(received).toBeCloseTo(expected)

    Expected: 2260.17
    Received: 2184.0499999999997

    Expected precision:    2
    Expected difference: < 0.005
    Received difference:   76.12000000000035

    [0m [90m 368 |[39m       [90m// (60000 - 55867) * 0.08 = 4133 * 0.08 = 330.64[39m
     [90m 369 |[39m       [90m// Total = 107.57 + 294.86 + 589.84 + 937.26 + 330.64 = 2260.17[39m
    [31m[1m>[22m[39m[90m 370 |[39m       expect(tax)[33m.[39mtoBeCloseTo([35m2260.17[39m)[33m;[39m
     [90m     |[39m                   [31m[1m^[22m[39m
     [90m 371 |[39m     })[33m;[39m
     [90m 372 |[39m
     [90m 373 |[39m     test([32m"should return 0 for zero applicable income"[39m[33m,[39m () [33m=>[39m {[0m

      at Object.<anonymous> (src/taxFunctions.test.js:370:19)
      at TestScheduler.scheduleTests (node_modules/@jest/core/build/TestScheduler.js:333:13)
      at runJest (node_modules/@jest/core/build/runJest.js:404:19)
      at _run10000 (node_modules/@jest/core/build/cli/index.js:320:7)
      at runCLI (node_modules/@jest/core/build/cli/index.js:173:3)

  ΓùÅ Tax Functions - Comprehensive Tests ΓÇ║ calculateLongTermCapitalGainsTax ΓÇ║ should calculate federal long-term 
capital gains tax for single filer

    expect(received).toBeCloseTo(expected)

    Expected: 1248.75
    Received: 247.5

    Expected precision:    2
    Expected difference: < 0.005
    Received difference:   1001.25

    [0m [90m 397 |[39m       [90m// Remaining gains: 10000 - 1675 = 8325[39m
     [90m 398 |[39m       [90m// Tax: 1675 * 0 + 8325 * 0.15 = 1248.75[39m
    [31m[1m>[22m[39m[90m 399 |[39m       expect(tax)[33m.[39mtoBeCloseTo([35m1248.75[39m)[33m;[39m
     [90m     |[39m                   [31m[1m^[22m[39m
     [90m 400 |[39m     })[33m;[39m
     [90m 401 |[39m
     [90m 402 |[39m     test([32m"should calculate federal long-term capital gains tax spanning multiple 
brackets"[39m[33m,[39m () [33m=>[39m {[0m

      at Object.<anonymous> (src/taxFunctions.test.js:399:19)
      at TestScheduler.scheduleTests (node_modules/@jest/core/build/TestScheduler.js:333:13)
      at runJest (node_modules/@jest/core/build/runJest.js:404:19)
      at _run10000 (node_modules/@jest/core/build/cli/index.js:320:7)
      at runCLI (node_modules/@jest/core/build/cli/index.js:173:3)

  ΓùÅ Tax Functions - Comprehensive Tests ΓÇ║ calculateLongTermCapitalGainsTax ΓÇ║ should calculate federal long-term 
capital gains tax spanning multiple brackets

    expect(received).toBeCloseTo(expected)

    Expected: 13248.75
    Received: 12247.5

    Expected precision:    2
    Expected difference: < 0.005
    Received difference:   1001.25

    [0m [90m 412 |[39m       [90m// Remaining gains: 100000 - 11675 = 88325[39m
     [90m 413 |[39m       [90m// Tax: 11675 * 0 + 88325 * 0.15 = 13248.75[39m
    [31m[1m>[22m[39m[90m 414 |[39m       expect(tax)[33m.[39mtoBeCloseTo([35m13248.75[39m)[33m;[39m
     [90m     |[39m                   [31m[1m^[22m[39m
     [90m 415 |[39m     })[33m;[39m
     [90m 416 |[39m
     [90m 417 |[39m     test([32m"should return 0 for jurisdictions that treat LTCG as ordinary 
income"[39m[33m,[39m () [33m=>[39m {[0m

      at Object.<anonymous> (src/taxFunctions.test.js:414:19)
      at TestScheduler.scheduleTests (node_modules/@jest/core/build/TestScheduler.js:333:13)
      at runJest (node_modules/@jest/core/build/runJest.js:404:19)
      at _run10000 (node_modules/@jest/core/build/cli/index.js:320:7)
      at runCLI (node_modules/@jest/core/build/cli/index.js:173:3)

Test Suites: 1 failed, 1 total
Tests:       15 failed, 26 passed, 41 total
Snapshots:   0 total
Time:        1.83 s
Ran all test suites matching /src\\taxFunctions.test.js/i.
